// Jest Snapshot v1, https://goo.gl/fbAQLP

exports[`Stories Snapshots Documentazione/Form/Validazione ValidazioneBase 1`] = `
<div>
  <div>
    <div
      class="form-group"
    >
      <label
        class=" "
      >
        Valid Input
      </label>
      <input
        class="just-validate-success-field form-control"
        type="text"
        value=""
      />
      <div
        class="valid-feedback form-text"
      />
    </div>
    <div
      class="form-group"
    >
      <label
        class=" "
      >
        Invalid Input
      </label>
      <input
        class="is-invalid form-control"
        type="text"
        value=""
      />
      <div
        class="invalid-feedback form-feedback just-validate-error-label form-text form-feedback just-validate-error-label"
      />
    </div>
    <div
      class="form-group"
    >
      <label
        class="active "
      >
        First name
      </label>
      <input
        class="just-validate-success-field form-control"
        type="text"
        value="Mario"
      />
      <div
        class="valid-feedback form-text"
      >
        Validated!
      </div>
    </div>
    <div
      class="form-group"
    >
      <label
        class=" "
      >
        Username
      </label>
      <input
        class="is-invalid form-control"
        type="text"
        value=""
      />
      <div
        class="invalid-feedback form-feedback just-validate-error-label form-text form-feedback just-validate-error-label"
      >
        Please choose a username.
      </div>
    </div>
    <div
      class="form-group"
    >
      <label
        class=" "
      >
        Username
      </label>
      <input
        class="is-invalid form-control"
        type="text"
        value=""
      />
      <small
        class="form-text"
      >
        Username of your account
      </small>
      <div
        class="invalid-feedback form-feedback just-validate-error-label form-text form-feedback just-validate-error-label"
      >
        Please choose a username.
      </div>
    </div>
  </div>
</div>
`;

exports[`Stories Snapshots Documentazione/Form/Validazione ValidazioneCompleta 1`] = `
<div>
  <form
    class=""
  >
    <div
      class="row"
    >
      <div
        class="col-md-3 mb-3 mb-3"
      >
        <div
          class="form-group"
        >
          <label
            class="active "
            for="completeValidation-name"
          >
            Nome
          </label>
          <input
            aria-describedby="completeValidation-nameDescription"
            class="just-validate-success-field form-control"
            id="completeValidation-name"
            type="text"
            value="Mario"
          />
          <div
            class="valid-feedback form-text"
          >
            Validato!
          </div>
        </div>
      </div>
      <div
        class="col-md-3 mb-3 mb-3"
      >
        <div
          class="form-group"
        >
          <label
            class="active "
            for="completeValidation-surname"
          >
            Cognome
          </label>
          <input
            aria-describedby="completeValidation-surnameDescription"
            class="just-validate-success-field form-control"
            id="completeValidation-surname"
            type="text"
            value="Rossi"
          />
          <div
            class="valid-feedback form-text"
          >
            Validato!
          </div>
        </div>
      </div>
      <div
        class="col-md-3 mb-3 mb-3"
      >
        <div
          class="form-group"
        >
          <label
            class=" "
            for="completeValidation-username"
          >
            Username
          </label>
          <input
            aria-describedby="completeValidation-usernameDescription"
            class="is-invalid form-control"
            id="completeValidation-username"
            type="text"
            value=""
          />
          <div
            class="invalid-feedback form-feedback just-validate-error-label form-text form-feedback just-validate-error-label"
          >
            Questo campo è richiesto
          </div>
        </div>
      </div>
      <div
        class="col-md-3 mb-3 mb-3"
      >
        <div
          class="form-group"
        >
          <label
            class="active input-number-label"
            for="completeValidation-age"
          >
            Età (minimo 18 anni)
          </label>
          <div
            class="input-group input-number"
          >
            <input
              aria-describedby="completeValidation-ageDescription"
              class="just-validate-success-field form-control"
              id="completeValidation-age"
              type="number"
              value="18"
            />
            <span
              class="input-group-text align-buttons flex-column"
            >
              <button
                class="input-number-add"
                type="button"
              >
                <span
                  class="visually-hidden"
                />
              </button>
              <button
                class="input-number-sub"
                type="button"
              >
                <span
                  class="visually-hidden"
                />
              </button>
            </span>
          </div>
          <div
            class="valid-feedback form-text"
          >
            Questo campo è richiesto
          </div>
        </div>
      </div>
    </div>
    <div
      class="row"
    >
      <div
        class="col-md-6 mb-6 mb-3"
      >
        <div
          class="form-group"
        >
          <label
            class="active "
            for="completeValidation-date"
          >
            Date picker
          </label>
          <input
            aria-describedby="completeValidation-dateDescription"
            class="is-invalid form-control"
            id="completeValidation-date"
            type="date"
            value=""
          />
          <div
            class="invalid-feedback form-feedback just-validate-error-label form-text form-feedback just-validate-error-label"
          >
            Questo campo è richiesto
          </div>
        </div>
      </div>
      <div
        class="col-md-6 mb-6 mb-3"
      >
        <div
          class="form-group"
        >
          <label
            class="active "
            for="completeValidation-time"
          >
            Time picker
          </label>
          <input
            aria-describedby="completeValidation-timeDescription"
            class="is-invalid form-control"
            id="completeValidation-time"
            type="time"
            value=""
          />
          <div
            class="invalid-feedback form-feedback just-validate-error-label form-text form-feedback just-validate-error-label"
          >
            Questo campo è richiesto
          </div>
        </div>
      </div>
    </div>
    <div
      class="row"
    >
      <div
        class="col-md-6 mb-3 mb-3"
      >
        <div
          class="form-group"
        >
          <label
            class=" "
            for="completeValidation-city"
          >
            Città
          </label>
          <input
            aria-describedby="completeValidation-cityDescription"
            class="is-invalid form-control"
            id="completeValidation-city"
            type="text"
            value=""
          />
          <div
            class="invalid-feedback form-feedback just-validate-error-label form-text form-feedback just-validate-error-label"
          >
            Questo campo è richiesto
          </div>
        </div>
      </div>
      <div
        class="col-md-3 mb-3 mb-3"
      >
        <div
          class="form-group"
        >
          <label
            class=" "
            for="completeValidation-province"
          >
            Provincia
          </label>
          <input
            aria-describedby="completeValidation-provinceDescription"
            class="is-invalid form-control"
            id="completeValidation-province"
            type="text"
            value=""
          />
          <div
            class="invalid-feedback form-feedback just-validate-error-label form-text form-feedback just-validate-error-label"
          >
            Per favore inserisci un nome di provincia valida.
          </div>
        </div>
      </div>
      <div
        class="col-md-3 mb-3 mb-3"
      >
        <div
          class="form-group"
        >
          <label
            class=" "
            for="completeValidation-cap"
          >
            CAP (5 cifre)
          </label>
          <input
            aria-describedby="completeValidation-capDescription"
            class="is-invalid form-control"
            id="completeValidation-cap"
            type="text"
            value=""
          />
          <div
            class="invalid-feedback form-feedback just-validate-error-label form-text form-feedback just-validate-error-label"
          >
            Questo campo è richiesto
          </div>
        </div>
      </div>
    </div>
    <div
      class="align-items-center row"
    >
      <div
        class="col-md-9 col-lg-6"
      >
        <div
          class="form-check"
        >
          <input
            aria-describedby="termsAndConditionsDescription"
            class="is-invalid form-control"
            id="termsAndConditions"
            type="checkbox"
            value=""
          />
          <label
            class="form-check-label"
            for="termsAndConditions"
          >
            Accetto i termini e condizioni
          </label>
          <div
            class="form-text text-muted"
          >
            Devi accettare i termini e le condizioni prima di inviare il modulo.
          </div>
        </div>
      </div>
      <div
        class="mt-3 mt-md-0 d-flex justify-content-center justify-content-md-end justify-content-lg-start col-md-3 col-lg-6"
      >
        <button
          class="btn btn-primary"
          type="submit"
        >
          Invia
        </button>
      </div>
    </div>
  </form>
  <div
    class="mt-4 row"
  >
    <div
      class="col"
    >
      <div
        class="alert alert-danger fade"
        role="alert"
      >
        <strong>
          Attenzione
        </strong>
         Alcuni campi inseriti sono da controllare.
      </div>
    </div>
  </div>
</div>
`;
