// Jest Snapshot v1, https://goo.gl/fbAQLP

exports[`Stories Snapshots Documentazione/Componenti/Timeline Esempi 1`] = `
<div>
  <div>
    <div
      class="it-timeline-wrapper"
    >
      <div
        class="row"
      >
        <div
          class="col-12"
        >
          <div
            class="timeline-element"
          >
            <div
              class="it-pin-wrapper it-evidence"
            >
              <div
                class="pin-icon"
              >
                <svg
                  class="icon"
                  enable-background="new 0 0 24 24"
                  role="img"
                  viewBox="0 0 24 24"
                  xml:space="preserve"
                  xmlns="http://www.w3.org/2000/svg"
                >
                  <title>
                    icon
                  </title>
                  <path
                    d="m19 12-2.9 2.9-.7-.8 2.1-2.1-2.1-2.1.7-.8L19 12zM7.9 9.1 5 12l2.9 2.9.7-.8L6.5 12l2.1-2.1-.7-.8zM22 12c0 5.5-4.5 10-10 10S2 17.5 2 12 6.5 2 12 2s10 4.5 10 10zm-1 0c0-5-4-9-9-9s-9 4-9 9 4 9 9 9 9-4 9-9zM9.6 16.5l1 .3 3.7-9.3-.9-.3-3.8 9.3z"
                  />
                </svg>
              </div>
              <div
                class="pin-text"
              >
                <span>
                  maggio 2018
                </span>
              </div>
            </div>
            <div
              class="card-wrapper"
            >
              <div
                class="card"
              >
                <div
                  class="card-body"
                >
                  <div
                    class="category-top"
                  >
                    <a
                      class="category"
                    >
                      Category
                    </a>
                    <span
                      class="data"
                    >
                      10/12/2018
                    </span>
                  </div>
                  <h5
                    class="big-heading card-title"
                  >
                    Lorem ipsum dolor sit amet, consectetur adipiscing elit…
                  </h5>
                  <p
                    class="card-text"
                  >
                    Lorem ipsum dolor sit amet, consectetur adipiscing elit, sed do eiusmod tempor incididunt ut labore et dolore magna aliqua.
                  </p>
                  <span
                    class="card-signature"
                  >
                    di Federico De Paolis
                  </span>
                  <a
                    class="read-more"
                  >
                    <span
                      class="text"
                    >
                      Leggi di più
                    </span>
                    <svg
                      class="icon"
                      enable-background="new 0 0 24 24"
                      role="img"
                      viewBox="0 0 24 24"
                      xml:space="preserve"
                      xmlns="http://www.w3.org/2000/svg"
                    >
                      <title>
                        icon
                      </title>
                      <path
                        d="m13.9 5.4-.7.7 5.3 5.4H3v1h15.5l-5.3 5.4.7.7 6.6-6.6-6.6-6.6z"
                      />
                    </svg>
                  </a>
                </div>
              </div>
            </div>
          </div>
        </div>
        <div
          class="col-12"
        >
          <div
            class="timeline-element"
          >
            <div
              class="it-pin-wrapper it-evidence"
            >
              <div
                class="pin-icon"
              >
                <svg
                  class="icon"
                  enable-background="new 0 0 24 24"
                  role="img"
                  viewBox="0 0 24 24"
                  xml:space="preserve"
                  xmlns="http://www.w3.org/2000/svg"
                >
                  <title>
                    icon
                  </title>
                  <path
                    d="m19 12-2.9 2.9-.7-.8 2.1-2.1-2.1-2.1.7-.8L19 12zM7.9 9.1 5 12l2.9 2.9.7-.8L6.5 12l2.1-2.1-.7-.8zM22 12c0 5.5-4.5 10-10 10S2 17.5 2 12 6.5 2 12 2s10 4.5 10 10zm-1 0c0-5-4-9-9-9s-9 4-9 9 4 9 9 9 9-4 9-9zM9.6 16.5l1 .3 3.7-9.3-.9-.3-3.8 9.3z"
                  />
                </svg>
              </div>
              <div
                class="pin-text"
              >
                <span>
                  giugno 2018
                </span>
              </div>
            </div>
            <div
              class="card-wrapper"
            >
              <div
                class="card"
              >
                <div
                  class="card-body"
                >
                  <h5
                    class="card-title"
                  >
                    Lorem ipsum dolor sit amet, consectetur adipiscing elit, sed do eiusmod tempor…
                  </h5>
                  <p
                    class="card-text"
                  >
                    Lorem ipsum dolor sit amet, consectetur adipiscing elit, sed do eiusmod tempor incididunt ut labore et dolore magna aliqua.
                  </p>
                </div>
              </div>
            </div>
          </div>
        </div>
        <div
          class="col-12"
        >
          <div
            class="timeline-element"
          >
            <div
              class="it-pin-wrapper it-evidence"
            >
              <div
                class="pin-icon"
              >
                <svg
                  class="icon"
                  enable-background="new 0 0 24 24"
                  role="img"
                  viewBox="0 0 24 24"
                  xml:space="preserve"
                  xmlns="http://www.w3.org/2000/svg"
                >
                  <title>
                    icon
                  </title>
                  <path
                    d="m19 12-2.9 2.9-.7-.8 2.1-2.1-2.1-2.1.7-.8L19 12zM7.9 9.1 5 12l2.9 2.9.7-.8L6.5 12l2.1-2.1-.7-.8zM22 12c0 5.5-4.5 10-10 10S2 17.5 2 12 6.5 2 12 2s10 4.5 10 10zm-1 0c0-5-4-9-9-9s-9 4-9 9 4 9 9 9 9-4 9-9zM9.6 16.5l1 .3 3.7-9.3-.9-.3-3.8 9.3z"
                  />
                </svg>
              </div>
              <div
                class="pin-text"
              >
                <span>
                  luglio 2018
                </span>
              </div>
            </div>
            <div
              class="card-wrapper"
            >
              <div
                class="card"
              >
                <div
                  class="card-body"
                >
                  <div
                    class="category-top"
                  >
                    <a
                      class="category"
                    >
                      Category
                    </a>
                    <span
                      class="data"
                    >
                      10/12/2018
                    </span>
                  </div>
                  <h5
                    class="big-heading card-title"
                  >
                    Lorem ipsum dolor sit amet, consectetur adipiscing elit…
                  </h5>
                  <p
                    class="card-text"
                  >
                    Lorem ipsum dolor sit amet, consectetur adipiscing elit, sed do eiusmod tempor incididunt ut labore et dolore magna aliqua.
                  </p>
                  <span
                    class="card-signature"
                  >
                    di Federico De Paolis
                  </span>
                  <a
                    class="read-more"
                  >
                    <span
                      class="text"
                    >
                      Leggi di più
                    </span>
                    <svg
                      class="icon"
                      enable-background="new 0 0 24 24"
                      role="img"
                      viewBox="0 0 24 24"
                      xml:space="preserve"
                      xmlns="http://www.w3.org/2000/svg"
                    >
                      <title>
                        icon
                      </title>
                      <path
                        d="m13.9 5.4-.7.7 5.3 5.4H3v1h15.5l-5.3 5.4.7.7 6.6-6.6-6.6-6.6z"
                      />
                    </svg>
                  </a>
                </div>
              </div>
            </div>
          </div>
        </div>
        <div
          class="col-12"
        >
          <div
            class="timeline-element"
          >
            <span
              class="it-now-label d-none d-lg-flex"
            >
              Oggi
            </span>
            <div
              class="it-pin-wrapper it-now"
            >
              <div
                class="pin-icon"
              >
                <svg
                  class="icon"
                  enable-background="new 0 0 24 24"
                  role="img"
                  viewBox="0 0 24 24"
                  xml:space="preserve"
                  xmlns="http://www.w3.org/2000/svg"
                >
                  <title>
                    icon
                  </title>
                  <path
                    d="m19 12-2.9 2.9-.7-.8 2.1-2.1-2.1-2.1.7-.8L19 12zM7.9 9.1 5 12l2.9 2.9.7-.8L6.5 12l2.1-2.1-.7-.8zM22 12c0 5.5-4.5 10-10 10S2 17.5 2 12 6.5 2 12 2s10 4.5 10 10zm-1 0c0-5-4-9-9-9s-9 4-9 9 4 9 9 9 9-4 9-9zM9.6 16.5l1 .3 3.7-9.3-.9-.3-3.8 9.3z"
                  />
                </svg>
              </div>
              <div
                class="pin-text"
              >
                <span>
                  agosto 2018
                </span>
              </div>
            </div>
            <div
              class="card-wrapper"
            >
              <div
                class="card"
              >
                <div
                  class="card-body"
                >
                  <h5
                    class="card-title"
                  >
                    Lorem ipsum dolor sit amet, consectetur adipiscing elit, sed do eiusmod tempor…
                  </h5>
                  <p
                    class="card-text"
                  >
                    Lorem ipsum dolor sit amet, consectetur adipiscing elit, sed do eiusmod tempor incididunt ut labore et dolore magna aliqua.
                  </p>
                </div>
              </div>
            </div>
          </div>
        </div>
        <div
          class="col-12"
        >
          <div
            class="timeline-element"
          >
            <div
              class="it-pin-wrapper"
            >
              <div
                class="pin-icon"
              >
                <svg
                  class="icon"
                  enable-background="new 0 0 24 24"
                  role="img"
                  viewBox="0 0 24 24"
                  xml:space="preserve"
                  xmlns="http://www.w3.org/2000/svg"
                >
                  <title>
                    icon
                  </title>
                  <path
                    d="m19 12-2.9 2.9-.7-.8 2.1-2.1-2.1-2.1.7-.8L19 12zM7.9 9.1 5 12l2.9 2.9.7-.8L6.5 12l2.1-2.1-.7-.8zM22 12c0 5.5-4.5 10-10 10S2 17.5 2 12 6.5 2 12 2s10 4.5 10 10zm-1 0c0-5-4-9-9-9s-9 4-9 9 4 9 9 9 9-4 9-9zM9.6 16.5l1 .3 3.7-9.3-.9-.3-3.8 9.3z"
                  />
                </svg>
              </div>
              <div
                class="pin-text"
              >
                <span>
                  settembre 2018
                </span>
              </div>
            </div>
            <div
              class="card-wrapper"
            >
              <div
                class="card"
              >
                <div
                  class="card-body"
                >
                  <div
                    class="category-top"
                  >
                    <a
                      class="category"
                    >
                      Category
                    </a>
                    <span
                      class="data"
                    >
                      10/12/2018
                    </span>
                  </div>
                  <h5
                    class="big-heading card-title"
                  >
                    Lorem ipsum dolor sit amet, consectetur adipiscing elit…
                  </h5>
                  <p
                    class="card-text"
                  >
                    Lorem ipsum dolor sit amet, consectetur adipiscing elit, sed do eiusmod tempor incididunt ut labore et dolore magna aliqua.
                  </p>
                  <span
                    class="card-signature"
                  >
                    di Federico De Paolis
                  </span>
                  <a
                    class="read-more"
                  >
                    <span
                      class="text"
                    >
                      Leggi di più
                    </span>
                    <svg
                      class="icon"
                      enable-background="new 0 0 24 24"
                      role="img"
                      viewBox="0 0 24 24"
                      xml:space="preserve"
                      xmlns="http://www.w3.org/2000/svg"
                    >
                      <title>
                        icon
                      </title>
                      <path
                        d="m13.9 5.4-.7.7 5.3 5.4H3v1h15.5l-5.3 5.4.7.7 6.6-6.6-6.6-6.6z"
                      />
                    </svg>
                  </a>
                </div>
              </div>
            </div>
          </div>
        </div>
        <div
          class="col-12"
        >
          <div
            class="timeline-element"
          >
            <div
              class="it-pin-wrapper"
            >
              <div
                class="pin-icon"
              >
                <svg
                  class="icon"
                  enable-background="new 0 0 24 24"
                  role="img"
                  viewBox="0 0 24 24"
                  xml:space="preserve"
                  xmlns="http://www.w3.org/2000/svg"
                >
                  <title>
                    icon
                  </title>
                  <path
                    d="m19 12-2.9 2.9-.7-.8 2.1-2.1-2.1-2.1.7-.8L19 12zM7.9 9.1 5 12l2.9 2.9.7-.8L6.5 12l2.1-2.1-.7-.8zM22 12c0 5.5-4.5 10-10 10S2 17.5 2 12 6.5 2 12 2s10 4.5 10 10zm-1 0c0-5-4-9-9-9s-9 4-9 9 4 9 9 9 9-4 9-9zM9.6 16.5l1 .3 3.7-9.3-.9-.3-3.8 9.3z"
                  />
                </svg>
              </div>
              <div
                class="pin-text"
              >
                <span>
                  ottobre 2018
                </span>
              </div>
            </div>
            <div
              class="card-wrapper"
            >
              <div
                class="card"
              >
                <div
                  class="card-body"
                >
                  <h5
                    class="card-title"
                  >
                    Lorem ipsum dolor sit amet, consectetur adipiscing elit, sed do eiusmod tempor…
                  </h5>
                  <p
                    class="card-text"
                  >
                    Lorem ipsum dolor sit amet, consectetur adipiscing elit, sed do eiusmod tempor incididunt ut labore et dolore magna aliqua.
                  </p>
                </div>
              </div>
            </div>
          </div>
        </div>
        <div
          class="col-12"
        >
          <div
            class="timeline-element"
          >
            <div
              class="it-pin-wrapper"
            >
              <div
                class="pin-icon"
              >
                <svg
                  class="icon"
                  enable-background="new 0 0 24 24"
                  role="img"
                  viewBox="0 0 24 24"
                  xml:space="preserve"
                  xmlns="http://www.w3.org/2000/svg"
                >
                  <title>
                    icon
                  </title>
                  <path
                    d="m19 12-2.9 2.9-.7-.8 2.1-2.1-2.1-2.1.7-.8L19 12zM7.9 9.1 5 12l2.9 2.9.7-.8L6.5 12l2.1-2.1-.7-.8zM22 12c0 5.5-4.5 10-10 10S2 17.5 2 12 6.5 2 12 2s10 4.5 10 10zm-1 0c0-5-4-9-9-9s-9 4-9 9 4 9 9 9 9-4 9-9zM9.6 16.5l1 .3 3.7-9.3-.9-.3-3.8 9.3z"
                  />
                </svg>
              </div>
              <div
                class="pin-text"
              >
                <span>
                  novembre 2018
                </span>
              </div>
            </div>
            <div
              class="card-wrapper"
            >
              <div
                class="card"
              >
                <div
                  class="card-body"
                >
                  <div
                    class="category-top"
                  >
                    <a
                      class="category"
                    >
                      Category
                    </a>
                    <span
                      class="data"
                    >
                      10/12/2018
                    </span>
                  </div>
                  <h5
                    class="big-heading card-title"
                  >
                    Lorem ipsum dolor sit amet, consectetur adipiscing elit…
                  </h5>
                  <p
                    class="card-text"
                  >
                    Lorem ipsum dolor sit amet, consectetur adipiscing elit, sed do eiusmod tempor incididunt ut labore et dolore magna aliqua.
                  </p>
                  <span
                    class="card-signature"
                  >
                    di Federico De Paolis
                  </span>
                  <a
                    class="read-more"
                  >
                    <span
                      class="text"
                    >
                      Leggi di più
                    </span>
                    <svg
                      class="icon"
                      enable-background="new 0 0 24 24"
                      role="img"
                      viewBox="0 0 24 24"
                      xml:space="preserve"
                      xmlns="http://www.w3.org/2000/svg"
                    >
                      <title>
                        icon
                      </title>
                      <path
                        d="m13.9 5.4-.7.7 5.3 5.4H3v1h15.5l-5.3 5.4.7.7 6.6-6.6-6.6-6.6z"
                      />
                    </svg>
                  </a>
                </div>
              </div>
            </div>
          </div>
        </div>
        <div
          class="col-12"
        >
          <div
            class="timeline-element"
          >
            <div
              class="it-pin-wrapper"
            >
              <div
                class="pin-icon"
              >
                <svg
                  class="icon"
                  enable-background="new 0 0 24 24"
                  role="img"
                  viewBox="0 0 24 24"
                  xml:space="preserve"
                  xmlns="http://www.w3.org/2000/svg"
                >
                  <title>
                    icon
                  </title>
                  <path
                    d="m19 12-2.9 2.9-.7-.8 2.1-2.1-2.1-2.1.7-.8L19 12zM7.9 9.1 5 12l2.9 2.9.7-.8L6.5 12l2.1-2.1-.7-.8zM22 12c0 5.5-4.5 10-10 10S2 17.5 2 12 6.5 2 12 2s10 4.5 10 10zm-1 0c0-5-4-9-9-9s-9 4-9 9 4 9 9 9 9-4 9-9zM9.6 16.5l1 .3 3.7-9.3-.9-.3-3.8 9.3z"
                  />
                </svg>
              </div>
              <div
                class="pin-text"
              >
                <span>
                  dicembre 2018
                </span>
              </div>
            </div>
            <div
              class="card-wrapper"
            >
              <div
                class="card"
              >
                <div
                  class="card-body"
                >
                  <h5
                    class="card-title"
                  >
                    Lorem ipsum dolor sit amet, consectetur adipiscing elit, sed do eiusmod tempor…
                  </h5>
                  <p
                    class="card-text"
                  >
                    Lorem ipsum dolor sit amet, consectetur adipiscing elit, sed do eiusmod tempor incididunt ut labore et dolore magna aliqua.
                  </p>
                </div>
              </div>
            </div>
          </div>
        </div>
      </div>
    </div>
  </div>
</div>
`;
